************* Module main
main.py:12:4: W0612: Unused variable 'db_handler' (unused-variable)
main.py:13:4: W0612: Unused variable 'recipe_handler' (unused-variable)

------------------------------------------------------------------
Your code has been rated at 6.67/10 (previous run: 8.46/10, -1.79)

